[{"experiment_name": "Boston_Voting_Evaluate", "train_set_name": "train", "train_set_size": 339, "test_set_name": "test", "test_set_size": 167, "featureset": "[\"example_boston_features\"]", "featureset_name": "example_boston", "shuffle": false, "learner_name": "VotingRegressor", "task": "evaluate", "start_timestamp": "06 Sep 2022 17:29:36.986763", "version": "3.0.0", "feature_scaling": "both", "folds_file": "", "grid_search": true, "grid_objective": "pearson", "grid_search_folds": "3", "min_feature_count": 1, "cv_folds": "None", "using_folds_file": false, "save_cv_folds": true, "save_cv_models": false, "use_folds_file_for_grid_search": true, "stratified_folds": true, "scikit_learn_version": "1.1.2", "end_timestamp": "06 Sep 2022 17:29:40.023648", "total_time": "0:00:03.036885", "result_table": "", "accuracy": "", "pearson": 0.9171464402344482, "score": 0.9171464402344482, "fold": "", "model_params": "{\"estimators\": [[\"SVR\", \"{'vectorizer': DictVectorizer(sparse=False), 'selector': SelectByMinCount(), 'scaler': StandardScaler(), 'estimator': SVR(C=0.01, cache_size=1000)}\"], [\"LinearRegression\", \"{'vectorizer': DictVectorizer(sparse=False), 'selector': SelectByMinCount(), 'scaler': StandardScaler(), 'estimator': LinearRegression()}\"], [\"DecisionTreeRegressor\", \"{'vectorizer': DictVectorizer(sparse=False), 'selector': SelectByMinCount(), 'scaler': StandardScaler(), 'estimator': DecisionTreeRegressor(criterion='poisson', max_features='log2', random_state=123456789)}\"]], \"n_jobs\": null, \"verbose\": false, \"weights\": null}", "descriptive": {"actual": {"min": 5.0, "max": 50.0, "avg": 21.643712574850298, "std": 8.699339536566935}, "predicted": {"min": 9.799916424057365, "max": 38.13805875226666, "avg": 21.526448737975844, "std": 5.336036091292063}}, "additional_scores": {}}]