[{"experiment_name": "California_Voting_Evaluate", "train_set_name": "train", "train_set_size": 335, "test_set_name": "test", "test_set_size": 165, "featureset": "[\"example_california_features\"]", "featureset_name": "example_california", "shuffle": false, "learner_name": "VotingRegressor", "task": "evaluate", "start_timestamp": "08 Sep 2022 16:46:00.730349", "version": "3.0.0", "feature_scaling": "both", "folds_file": "", "grid_search": true, "grid_objective": "pearson", "grid_search_folds": "3", "min_feature_count": 1, "cv_folds": "None", "using_folds_file": false, "save_cv_folds": true, "save_cv_models": false, "use_folds_file_for_grid_search": true, "stratified_folds": true, "scikit_learn_version": "1.1.2", "end_timestamp": "08 Sep 2022 16:46:01.258898", "total_time": "0:00:00.528549", "result_table": "", "accuracy": "", "pearson": 0.8166881235318064, "score": 0.8166881235318064, "fold": "", "model_params": "{\"estimators\": [[\"SVR\", \"{'vectorizer': DictVectorizer(sparse=False), 'selector': SelectByMinCount(), 'scaler': StandardScaler(), 'estimator': SVR(C=0.01, cache_size=1000)}\"], [\"LinearRegression\", \"{'vectorizer': DictVectorizer(sparse=False), 'selector': SelectByMinCount(), 'scaler': StandardScaler(), 'estimator': LinearRegression()}\"], [\"DecisionTreeRegressor\", \"{'vectorizer': DictVectorizer(sparse=False), 'selector': SelectByMinCount(), 'scaler': StandardScaler(), 'estimator': DecisionTreeRegressor(criterion='poisson', max_features='log2', random_state=123456789)}\"]], \"n_jobs\": null, \"verbose\": false, \"weights\": null}", "descriptive": {"actual": {"min": 0.425, "max": 5.00001, "avg": 2.0123758181818183, "std": 1.0334681372156997}, "predicted": {"min": 0.8218118503116726, "max": 3.7041058491575156, "avg": 1.9474491829550034, "std": 0.643682340272272}}, "additional_scores": {}}]