[{"experiment_name": "Example_CV", "train_set_name": "train", "train_set_size": 335, "test_set_name": "cv", "test_set_size": "n/a", "featureset": "[\"example_california_features\"]", "featureset_name": "example_california", "shuffle": false, "learner_name": "LinearRegression", "task": "cross_validate", "start_timestamp": "08 Sep 2022 16:42:59.886772", "version": "3.0.0", "feature_scaling": "both", "folds_file": "", "grid_search": true, "grid_objective": "pearson", "grid_search_folds": "3", "min_feature_count": 1, "cv_folds": "10", "using_folds_file": false, "save_cv_folds": true, "save_cv_models": false, "use_folds_file_for_grid_search": true, "stratified_folds": true, "scikit_learn_version": "1.1.2", "end_timestamp": "08 Sep 2022 16:42:59.909647", "total_time": "0:00:00.022875", "result_table": "", "accuracy": "", "pearson": 0.8098651587143093, "score": 0.8098651587143093, "fold": 1, "model_params": "{\"copy_X\": true, \"fit_intercept\": true, \"n_jobs\": null, \"normalize\": \"deprecated\", \"positive\": false}", "grid_score": 0.0, "grid_search_cv_results": null, "descriptive": {"actual": {"min": 0.581, "max": 5.00001, "avg": 1.8923238235294118, "std": 1.1446704071581546}, "predicted": {"min": 0.4786774711492483, "max": 4.092055280937159, "avg": 1.8670572967036971, "std": 0.9141609003408828}}, "additional_scores": {}}, {"experiment_name": "Example_CV", "train_set_name": "train", "train_set_size": 335, "test_set_name": "cv", "test_set_size": "n/a", "featureset": "[\"example_california_features\"]", "featureset_name": "example_california", "shuffle": false, "learner_name": "LinearRegression", "task": "cross_validate", "start_timestamp": "08 Sep 2022 16:42:59.886772", "version": "3.0.0", "feature_scaling": "both", "folds_file": "", "grid_search": true, "grid_objective": "pearson", "grid_search_folds": "3", "min_feature_count": 1, "cv_folds": "10", "using_folds_file": false, "save_cv_folds": true, "save_cv_models": false, "use_folds_file_for_grid_search": true, "stratified_folds": true, "scikit_learn_version": "1.1.2", "end_timestamp": "08 Sep 2022 16:42:59.909647", "total_time": "0:00:00.022875", "result_table": "", "accuracy": "", "pearson": 0.8636565411026966, "score": 0.8636565411026966, "fold": 2, "model_params": "{\"copy_X\": true, \"fit_intercept\": true, \"n_jobs\": null, \"normalize\": \"deprecated\", \"positive\": false}", "grid_score": 0.0, "grid_search_cv_results": null, "descriptive": {"actual": {"min": 0.535, "max": 5.00001, "avg": 2.0366179411764707, "std": 1.1392645627921534}, "predicted": {"min": 0.3466018440976444, "max": 3.6064527574491345, "avg": 2.0656256757413454, "std": 0.867547087578469}}, "additional_scores": {}}, {"experiment_name": "Example_CV", "train_set_name": "train", "train_set_size": 335, "test_set_name": "cv", "test_set_size": "n/a", "featureset": "[\"example_california_features\"]", "featureset_name": "example_california", "shuffle": false, "learner_name": "LinearRegression", "task": "cross_validate", "start_timestamp": "08 Sep 2022 16:42:59.886772", "version": "3.0.0", "feature_scaling": "both", "folds_file": "", "grid_search": true, "grid_objective": "pearson", "grid_search_folds": "3", "min_feature_count": 1, "cv_folds": "10", "using_folds_file": false, "save_cv_folds": true, "save_cv_models": false, "use_folds_file_for_grid_search": true, "stratified_folds": true, "scikit_learn_version": "1.1.2", "end_timestamp": "08 Sep 2022 16:42:59.909647", "total_time": "0:00:00.022875", "result_table": "", "accuracy": "", "pearson": 0.8781651020341252, "score": 0.8781651020341252, "fold": 3, "model_params": "{\"copy_X\": true, \"fit_intercept\": true, \"n_jobs\": null, \"normalize\": \"deprecated\", \"positive\": false}", "grid_score": 0.0, "grid_search_cv_results": null, "descriptive": {"actual": {"min": 0.475, "max": 5.00001, "avg": 2.4114717647058828, "std": 1.235666830611454}, "predicted": {"min": 0.45026272647842025, "max": 5.303784080004082, "avg": 2.3634366782246503, "std": 1.027708372768086}}, "additional_scores": {}}, {"experiment_name": "Example_CV", "train_set_name": "train", "train_set_size": 335, "test_set_name": "cv", "test_set_size": "n/a", "featureset": "[\"example_california_features\"]", "featureset_name": "example_california", "shuffle": false, "learner_name": "LinearRegression", "task": "cross_validate", "start_timestamp": "08 Sep 2022 16:42:59.886772", "version": "3.0.0", "feature_scaling": "both", "folds_file": "", "grid_search": true, "grid_objective": "pearson", "grid_search_folds": "3", "min_feature_count": 1, "cv_folds": "10", "using_folds_file": false, "save_cv_folds": true, "save_cv_models": false, "use_folds_file_for_grid_search": true, "stratified_folds": true, "scikit_learn_version": "1.1.2", "end_timestamp": "08 Sep 2022 16:42:59.909647", "total_time": "0:00:00.022875", "result_table": "", "accuracy": "", "pearson": 0.8884695486993589, "score": 0.8884695486993589, "fold": 4, "model_params": "{\"copy_X\": true, \"fit_intercept\": true, \"n_jobs\": null, \"normalize\": \"deprecated\", \"positive\": false}", "grid_score": 0.0, "grid_search_cv_results": null, "descriptive": {"actual": {"min": 0.58, "max": 5.00001, "avg": 2.1028238235294117, "std": 1.1822357046366574}, "predicted": {"min": -0.026641103954648138, "max": 5.466018143129121, "avg": 2.1272166505048773, "std": 1.168444083273442}}, "additional_scores": {}}, {"experiment_name": "Example_CV", "train_set_name": "train", "train_set_size": 335, "test_set_name": "cv", "test_set_size": "n/a", "featureset": "[\"example_california_features\"]", "featureset_name": "example_california", "shuffle": false, "learner_name": "LinearRegression", "task": "cross_validate", "start_timestamp": "08 Sep 2022 16:42:59.886772", "version": "3.0.0", "feature_scaling": "both", "folds_file": "", "grid_search": true, "grid_objective": "pearson", "grid_search_folds": "3", "min_feature_count": 1, "cv_folds": "10", "using_folds_file": false, "save_cv_folds": true, "save_cv_models": false, "use_folds_file_for_grid_search": true, "stratified_folds": true, "scikit_learn_version": "1.1.2", "end_timestamp": "08 Sep 2022 16:42:59.909647", "total_time": "0:00:00.022875", "result_table": "", "accuracy": "", "pearson": 0.765819142581856, "score": 0.765819142581856, "fold": 5, "model_params": "{\"copy_X\": true, \"fit_intercept\": true, \"n_jobs\": null, \"normalize\": \"deprecated\", \"positive\": false}", "grid_score": 0.0, "grid_search_cv_results": null, "descriptive": {"actual": {"min": 0.702, "max": 5.00001, "avg": 1.9466473529411763, "std": 0.8891587701778404}, "predicted": {"min": 0.5996050727743063, "max": 3.8662658076319727, "avg": 2.0610228045107375, "std": 0.6226663077339967}}, "additional_scores": {}}, {"experiment_name": "Example_CV", "train_set_name": "train", "train_set_size": 335, "test_set_name": "cv", "test_set_size": "n/a", "featureset": "[\"example_california_features\"]", "featureset_name": "example_california", "shuffle": false, "learner_name": "LinearRegression", "task": "cross_validate", "start_timestamp": "08 Sep 2022 16:42:59.886772", "version": "3.0.0", "feature_scaling": "both", "folds_file": "", "grid_search": true, "grid_objective": "pearson", "grid_search_folds": "3", "min_feature_count": 1, "cv_folds": "10", "using_folds_file": false, "save_cv_folds": true, "save_cv_models": false, "use_folds_file_for_grid_search": true, "stratified_folds": true, "scikit_learn_version": "1.1.2", "end_timestamp": "08 Sep 2022 16:42:59.909647", "total_time": "0:00:00.022875", "result_table": "", "accuracy": "", "pearson": 0.88369807565199, "score": 0.88369807565199, "fold": 6, "model_params": "{\"copy_X\": true, \"fit_intercept\": true, \"n_jobs\": null, \"normalize\": \"deprecated\", \"positive\": false}", "grid_score": 0.0, "grid_search_cv_results": null, "descriptive": {"actual": {"min": 0.616, "max": 5.00001, "avg": 2.322061818181818, "std": 1.4079089815868984}, "predicted": {"min": 0.37518857360111046, "max": 4.579078245963599, "avg": 2.3728326091232943, "std": 1.035124463530555}}, "additional_scores": {}}, {"experiment_name": "Example_CV", "train_set_name": "train", "train_set_size": 335, "test_set_name": "cv", "test_set_size": "n/a", "featureset": "[\"example_california_features\"]", "featureset_name": "example_california", "shuffle": false, "learner_name": "LinearRegression", "task": "cross_validate", "start_timestamp": "08 Sep 2022 16:42:59.886772", "version": "3.0.0", "feature_scaling": "both", "folds_file": "", "grid_search": true, "grid_objective": "pearson", "grid_search_folds": "3", "min_feature_count": 1, "cv_folds": "10", "using_folds_file": false, "save_cv_folds": true, "save_cv_models": false, "use_folds_file_for_grid_search": true, "stratified_folds": true, "scikit_learn_version": "1.1.2", "end_timestamp": "08 Sep 2022 16:42:59.909647", "total_time": "0:00:00.022875", "result_table": "", "accuracy": "", "pearson": 0.8521672853275234, "score": 0.8521672853275234, "fold": 7, "model_params": "{\"copy_X\": true, \"fit_intercept\": true, \"n_jobs\": null, \"normalize\": \"deprecated\", \"positive\": false}", "grid_score": 0.0, "grid_search_cv_results": null, "descriptive": {"actual": {"min": 0.596, "max": 5.00001, "avg": 2.234819090909091, "std": 1.3411265822826846}, "predicted": {"min": 0.41336470265256064, "max": 4.056495351593293, "avg": 2.048427099003869, "std": 0.940833930826557}}, "additional_scores": {}}, {"experiment_name": "Example_CV", "train_set_name": "train", "train_set_size": 335, "test_set_name": "cv", "test_set_size": "n/a", "featureset": "[\"example_california_features\"]", "featureset_name": "example_california", "shuffle": false, "learner_name": "LinearRegression", "task": "cross_validate", "start_timestamp": "08 Sep 2022 16:42:59.886772", "version": "3.0.0", "feature_scaling": "both", "folds_file": "", "grid_search": true, "grid_objective": "pearson", "grid_search_folds": "3", "min_feature_count": 1, "cv_folds": "10", "using_folds_file": false, "save_cv_folds": true, "save_cv_models": false, "use_folds_file_for_grid_search": true, "stratified_folds": true, "scikit_learn_version": "1.1.2", "end_timestamp": "08 Sep 2022 16:42:59.909647", "total_time": "0:00:00.022875", "result_table": "", "accuracy": "", "pearson": 0.6915307369705576, "score": 0.6915307369705576, "fold": 8, "model_params": "{\"copy_X\": true, \"fit_intercept\": true, \"n_jobs\": null, \"normalize\": \"deprecated\", \"positive\": false}", "grid_score": 0.0, "grid_search_cv_results": null, "descriptive": {"actual": {"min": 0.571, "max": 5.00001, "avg": 1.9573942424242423, "std": 1.0419866039243302}, "predicted": {"min": 0.07136427443810645, "max": 4.011593288515772, "avg": 1.8113555229936618, "std": 0.8845046639442126}}, "additional_scores": {}}, {"experiment_name": "Example_CV", "train_set_name": "train", "train_set_size": 335, "test_set_name": "cv", "test_set_size": "n/a", "featureset": "[\"example_california_features\"]", "featureset_name": "example_california", "shuffle": false, "learner_name": "LinearRegression", "task": "cross_validate", "start_timestamp": "08 Sep 2022 16:42:59.886772", "version": "3.0.0", "feature_scaling": "both", "folds_file": "", "grid_search": true, "grid_objective": "pearson", "grid_search_folds": "3", "min_feature_count": 1, "cv_folds": "10", "using_folds_file": false, "save_cv_folds": true, "save_cv_models": false, "use_folds_file_for_grid_search": true, "stratified_folds": true, "scikit_learn_version": "1.1.2", "end_timestamp": "08 Sep 2022 16:42:59.909647", "total_time": "0:00:00.022875", "result_table": "", "accuracy": "", "pearson": 0.9065863813813909, "score": 0.9065863813813909, "fold": 9, "model_params": "{\"copy_X\": true, \"fit_intercept\": true, \"n_jobs\": null, \"normalize\": \"deprecated\", \"positive\": false}", "grid_score": 0.0, "grid_search_cv_results": null, "descriptive": {"actual": {"min": 0.437, "max": 4.92, "avg": 1.7039393939393939, "std": 1.0664446437321946}, "predicted": {"min": 0.5063995091749331, "max": 4.700424707617959, "avg": 1.9073535553370522, "std": 1.0072331208040048}}, "additional_scores": {}}, {"experiment_name": "Example_CV", "train_set_name": "train", "train_set_size": 335, "test_set_name": "cv", "test_set_size": "n/a", "featureset": "[\"example_california_features\"]", "featureset_name": "example_california", "shuffle": false, "learner_name": "LinearRegression", "task": "cross_validate", "start_timestamp": "08 Sep 2022 16:42:59.886772", "version": "3.0.0", "feature_scaling": "both", "folds_file": "", "grid_search": true, "grid_objective": "pearson", "grid_search_folds": "3", "min_feature_count": 1, "cv_folds": "10", "using_folds_file": false, "save_cv_folds": true, "save_cv_models": false, "use_folds_file_for_grid_search": true, "stratified_folds": true, "scikit_learn_version": "1.1.2", "end_timestamp": "08 Sep 2022 16:42:59.909647", "total_time": "0:00:00.022875", "result_table": "", "accuracy": "", "pearson": 0.8010572920884123, "score": 0.8010572920884123, "fold": 10, "model_params": "{\"copy_X\": true, \"fit_intercept\": true, \"n_jobs\": null, \"normalize\": \"deprecated\", \"positive\": false}", "grid_score": 0.0, "grid_search_cv_results": null, "descriptive": {"actual": {"min": 0.581, "max": 3.781, "avg": 2.111121212121212, "std": 0.9070918485309292}, "predicted": {"min": -1.8935471720521586, "max": 4.0516529996166835, "avg": 2.058259946179404, "std": 1.140454762449857}}, "additional_scores": {}}, {"experiment_name": "Example_CV", "train_set_name": "train", "train_set_size": 335, "test_set_name": "cv", "test_set_size": "n/a", "featureset": "[\"example_california_features\"]", "featureset_name": "example_california", "shuffle": false, "learner_name": "LinearRegression", "task": "cross_validate", "start_timestamp": "08 Sep 2022 16:42:59.886772", "version": "3.0.0", "feature_scaling": "both", "folds_file": "", "grid_search": true, "grid_objective": "pearson", "grid_search_folds": "3", "min_feature_count": 1, "cv_folds": "10", "using_folds_file": false, "save_cv_folds": true, "save_cv_models": false, "use_folds_file_for_grid_search": true, "stratified_folds": true, "scikit_learn_version": "1.1.2", "end_timestamp": "08 Sep 2022 16:42:59.909647", "total_time": "0:00:00.022875", "fold": "average", "pearson": 0.8341015264552221, "score": 0.8341015264552221, "additional_scores": {}}]