[{"experiment_name": "Example_Evaluate", "train_set_name": "train", "train_set_size": 335, "test_set_name": "test", "test_set_size": 165, "featureset": "[\"example_california_features\"]", "featureset_name": "example_california", "shuffle": false, "learner_name": "LinearRegression", "task": "evaluate", "start_timestamp": "08 Sep 2022 16:44:56.302062", "version": "3.0.0", "feature_scaling": "both", "folds_file": "", "grid_search": true, "grid_objective": "unweighted_kappa", "grid_search_folds": "3", "min_feature_count": 1, "cv_folds": "None", "using_folds_file": false, "save_cv_folds": true, "save_cv_models": false, "use_folds_file_for_grid_search": true, "stratified_folds": true, "scikit_learn_version": "1.1.2", "end_timestamp": "08 Sep 2022 16:44:56.313168", "total_time": "0:00:00.011106", "result_table": "", "accuracy": "", "pearson": 0.8099668954312162, "score": 0.44079285200780516, "fold": "", "model_params": "{\"copy_X\": true, \"fit_intercept\": true, \"n_jobs\": null, \"normalize\": \"deprecated\", \"positive\": false}", "grid_score": 0.0, "grid_search_cv_results": null, "descriptive": {"actual": {"min": 0.425, "max": 5.00001, "avg": 2.0123758181818183, "std": 1.0334681372156997}, "predicted": {"min": -0.22951557805583134, "max": 4.447117569266582, "avg": 2.055240734473605, "std": 0.9046300220609146}}, "additional_scores": {}}]