[{"experiment_name": "Example_CV", "train_set_name": "train", "train_set_size": 335, "test_set_name": "cv", "test_set_size": "n/a", "featureset": "[\"example_california_features\"]", "featureset_name": "example_california", "shuffle": false, "learner_name": "RandomForestRegressor", "task": "cross_validate", "start_timestamp": "08 Sep 2022 16:42:41.524913", "version": "3.0.0", "feature_scaling": "both", "folds_file": "", "grid_search": true, "grid_objective": "pearson", "grid_search_folds": "3", "min_feature_count": 1, "cv_folds": "10", "using_folds_file": false, "save_cv_folds": true, "save_cv_models": false, "use_folds_file_for_grid_search": true, "stratified_folds": true, "scikit_learn_version": "1.1.2", "end_timestamp": "08 Sep 2022 16:42:58.434255", "total_time": "0:00:16.909342", "result_table": "", "accuracy": "", "pearson": 0.8829578991508786, "score": 0.8829578991508786, "fold": 1, "model_params": "{\"bootstrap\": true, \"ccp_alpha\": 0.0, \"criterion\": \"squared_error\", \"max_depth\": null, \"max_features\": 1.0, \"max_leaf_nodes\": null, \"max_samples\": null, \"min_impurity_decrease\": 0.0, \"min_samples_leaf\": 1, \"min_samples_split\": 2, \"min_weight_fraction_leaf\": 0.0, \"n_estimators\": 500, \"n_jobs\": null, \"oob_score\": false, \"random_state\": 123456789, \"verbose\": 0, \"warm_start\": false}", "grid_score": 0.8262233887392613, "grid_search_cv_results": {"mean_fit_time": [0.19662896792093912, 0.27605223655700684, 0.32507872581481934, 0.33060574531555176], "std_fit_time": [0.000544277827177072, 0.0018869117348589346, 0.003493156130570328, 0.005378388935977656], "mean_score_time": [0.011491139729817709, 0.012103796005249023, 0.013609886169433594, 0.014371077219645182], "std_score_time": [0.0001812623492951416, 0.00013115420266648602, 0.00012302691310783266, 1.7796243034716802e-05], "param_max_depth": [1, 5, 10, null], "params": [{"max_depth": 1}, {"max_depth": 5}, {"max_depth": 10}, {"max_depth": null}], "split0_test_score": [0.6296423313753893, 0.8157309043666787, 0.8221244672381913, 0.8204150141451751], "split1_test_score": [0.5229767836831736, 0.810268296893323, 0.8230184957447455, 0.8231176619912649], "split2_test_score": [0.7202352100728148, 0.8153707079337329, 0.8334350407856812, 0.8351374900813433], "mean_test_score": [0.6242847750437925, 0.8137899697312448, 0.8261926679228727, 0.8262233887392613], "std_test_score": [0.0806194734656338, 0.002494536703891681, 0.005134120843636353, 0.006399061306039449], "rank_test_score": [4, 3, 2, 1]}, "descriptive": {"actual": {"min": 0.581, "max": 5.00001, "avg": 1.8923238235294118, "std": 1.1446704071581546}, "predicted": {"min": 0.6455360000000014, "max": 3.9872523599999905, "avg": 1.927886854705882, "std": 0.834431498405034}}, "additional_scores": {}}, {"experiment_name": "Example_CV", "train_set_name": "train", "train_set_size": 335, "test_set_name": "cv", "test_set_size": "n/a", "featureset": "[\"example_california_features\"]", "featureset_name": "example_california", "shuffle": false, "learner_name": "RandomForestRegressor", "task": "cross_validate", "start_timestamp": "08 Sep 2022 16:42:41.524913", "version": "3.0.0", "feature_scaling": "both", "folds_file": "", "grid_search": true, "grid_objective": "pearson", "grid_search_folds": "3", "min_feature_count": 1, "cv_folds": "10", "using_folds_file": false, "save_cv_folds": true, "save_cv_models": false, "use_folds_file_for_grid_search": true, "stratified_folds": true, "scikit_learn_version": "1.1.2", "end_timestamp": "08 Sep 2022 16:42:58.434255", "total_time": "0:00:16.909342", "result_table": "", "accuracy": "", "pearson": 0.8960621027630895, "score": 0.8960621027630895, "fold": 2, "model_params": "{\"bootstrap\": true, \"ccp_alpha\": 0.0, \"criterion\": \"squared_error\", \"max_depth\": 10, \"max_features\": 1.0, \"max_leaf_nodes\": null, \"max_samples\": null, \"min_impurity_decrease\": 0.0, \"min_samples_leaf\": 1, \"min_samples_split\": 2, \"min_weight_fraction_leaf\": 0.0, \"n_estimators\": 500, \"n_jobs\": null, \"oob_score\": false, \"random_state\": 123456789, \"verbose\": 0, \"warm_start\": false}", "grid_score": 0.8199560412076262, "grid_search_cv_results": {"mean_fit_time": [0.19470938046773276, 0.2764809926350911, 0.3303964138031006, 0.338345209757487], "std_fit_time": [0.0009007718193041638, 0.0029209231942853983, 0.003665922382123123, 0.006399931274648006], "mean_score_time": [0.010550260543823242, 0.01172335942586263, 0.013738870620727539, 0.014264424641927084], "std_score_time": [9.841172703832988e-05, 0.00015670967838603796, 0.00024820530651016354, 9.216707078808113e-05], "param_max_depth": [1, 5, 10, null], "params": [{"max_depth": 1}, {"max_depth": 5}, {"max_depth": 10}, {"max_depth": null}], "split0_test_score": [0.6505776315837188, 0.8237095710887756, 0.8322404350301474, 0.8328501159062642], "split1_test_score": [0.5658699190068261, 0.8122746732804101, 0.82395915019493, 0.8224905498284063], "split2_test_score": [0.6468698984770076, 0.7797882183628441, 0.8036685383978013, 0.8024300550490188], "mean_test_score": [0.6211058163558508, 0.8052574875773434, 0.8199560412076262, 0.8192569069278964], "std_test_score": [0.03908699773719855, 0.018604694348692722, 0.012002971311736183, 0.012627677549616764], "rank_test_score": [4, 3, 1, 2]}, "descriptive": {"actual": {"min": 0.535, "max": 5.00001, "avg": 2.0366179411764707, "std": 1.1392645627921534}, "predicted": {"min": 0.7635217052472413, "max": 4.12062701760316, "avg": 2.022869424728949, "std": 0.8244038680615895}}, "additional_scores": {}}, {"experiment_name": "Example_CV", "train_set_name": "train", "train_set_size": 335, "test_set_name": "cv", "test_set_size": "n/a", "featureset": "[\"example_california_features\"]", "featureset_name": "example_california", "shuffle": false, "learner_name": "RandomForestRegressor", "task": "cross_validate", "start_timestamp": "08 Sep 2022 16:42:41.524913", "version": "3.0.0", "feature_scaling": "both", "folds_file": "", "grid_search": true, "grid_objective": "pearson", "grid_search_folds": "3", "min_feature_count": 1, "cv_folds": "10", "using_folds_file": false, "save_cv_folds": true, "save_cv_models": false, "use_folds_file_for_grid_search": true, "stratified_folds": true, "scikit_learn_version": "1.1.2", "end_timestamp": "08 Sep 2022 16:42:58.434255", "total_time": "0:00:16.909342", "result_table": "", "accuracy": "", "pearson": 0.8957150660290684, "score": 0.8957150660290684, "fold": 3, "model_params": "{\"bootstrap\": true, \"ccp_alpha\": 0.0, \"criterion\": \"squared_error\", \"max_depth\": 10, \"max_features\": 1.0, \"max_leaf_nodes\": null, \"max_samples\": null, \"min_impurity_decrease\": 0.0, \"min_samples_leaf\": 1, \"min_samples_split\": 2, \"min_weight_fraction_leaf\": 0.0, \"n_estimators\": 500, \"n_jobs\": null, \"oob_score\": false, \"random_state\": 123456789, \"verbose\": 0, \"warm_start\": false}", "grid_score": 0.8129482112621808, "grid_search_cv_results": {"mean_fit_time": [0.2010358969370524, 0.2791227499643962, 0.32411924997965497, 0.3304016590118408], "std_fit_time": [0.0005066935130210076, 0.0011178674084943343, 0.0018041531170522253, 0.004206776657805512], "mean_score_time": [0.010483741760253906, 0.011914650599161783, 0.013875166575113932, 0.014259735743204752], "std_score_time": [0.00034298256293972714, 0.00023228515265584886, 0.0001154941093811631, 0.00032801731357645197], "param_max_depth": [1, 5, 10, null], "params": [{"max_depth": 1}, {"max_depth": 5}, {"max_depth": 10}, {"max_depth": null}], "split0_test_score": [0.6607445071160672, 0.8289907160919957, 0.833040460774403, 0.8333013795566531], "split1_test_score": [0.5743750632168655, 0.7646910225166296, 0.7771216980733633, 0.7756317797778198], "split2_test_score": [0.6781466767253801, 0.8095474923163284, 0.8286824749387761, 0.8297090529967305], "mean_test_score": [0.6377554156861043, 0.8010764103083178, 0.8129482112621808, 0.8128807374437345], "std_test_score": [0.04537628371827094, 0.02692498308586686, 0.02539556779685866, 0.026379788196345906], "rank_test_score": [4, 3, 1, 2]}, "descriptive": {"actual": {"min": 0.475, "max": 5.00001, "avg": 2.4114717647058828, "std": 1.235666830611454}, "predicted": {"min": 1.1508395821540984, "max": 4.479862710909082, "avg": 2.2488811632486727, "std": 0.9166465849852445}}, "additional_scores": {}}, {"experiment_name": "Example_CV", "train_set_name": "train", "train_set_size": 335, "test_set_name": "cv", "test_set_size": "n/a", "featureset": "[\"example_california_features\"]", "featureset_name": "example_california", "shuffle": false, "learner_name": "RandomForestRegressor", "task": "cross_validate", "start_timestamp": "08 Sep 2022 16:42:41.524913", "version": "3.0.0", "feature_scaling": "both", "folds_file": "", "grid_search": true, "grid_objective": "pearson", "grid_search_folds": "3", "min_feature_count": 1, "cv_folds": "10", "using_folds_file": false, "save_cv_folds": true, "save_cv_models": false, "use_folds_file_for_grid_search": true, "stratified_folds": true, "scikit_learn_version": "1.1.2", "end_timestamp": "08 Sep 2022 16:42:58.434255", "total_time": "0:00:16.909342", "result_table": "", "accuracy": "", "pearson": 0.883833132132246, "score": 0.883833132132246, "fold": 4, "model_params": "{\"bootstrap\": true, \"ccp_alpha\": 0.0, \"criterion\": \"squared_error\", \"max_depth\": null, \"max_features\": 1.0, \"max_leaf_nodes\": null, \"max_samples\": null, \"min_impurity_decrease\": 0.0, \"min_samples_leaf\": 1, \"min_samples_split\": 2, \"min_weight_fraction_leaf\": 0.0, \"n_estimators\": 500, \"n_jobs\": null, \"oob_score\": false, \"random_state\": 123456789, \"verbose\": 0, \"warm_start\": false}", "grid_score": 0.8013888292148633, "grid_search_cv_results": {"mean_fit_time": [0.19340848922729492, 0.2725858688354492, 0.3225376605987549, 0.3289830684661865], "std_fit_time": [0.0006025607799895447, 0.001394174707666746, 0.003219178756932082, 0.0054864754951017645], "mean_score_time": [0.010601520538330078, 0.012029409408569336, 0.014023383458455404, 0.014133930206298828], "std_score_time": [0.00015191074464096515, 0.00010338243075051275, 9.784506644503488e-05, 0.00020850355646345278], "param_max_depth": [1, 5, 10, null], "params": [{"max_depth": 1}, {"max_depth": 5}, {"max_depth": 10}, {"max_depth": null}], "split0_test_score": [0.6505697257588231, 0.8102174015824195, 0.8169648323095187, 0.8182341608901], "split1_test_score": [0.5309739824556032, 0.7591697937563275, 0.7708074998960796, 0.7752683099597968], "split2_test_score": [0.648577349963929, 0.784170499574797, 0.8079586609098423, 0.8106640167946934], "mean_test_score": [0.6100403527261183, 0.784519231637848, 0.7985769977051468, 0.8013888292148633], "std_test_score": [0.0559142830359869, 0.02084155747107961, 0.019977262696140852, 0.018726770766686465], "rank_test_score": [4, 3, 2, 1]}, "descriptive": {"actual": {"min": 0.58, "max": 5.00001, "avg": 2.1028238235294117, "std": 1.1822357046366574}, "predicted": {"min": 0.7125640000000013, "max": 4.372652300000001, "avg": 2.215956938235292, "std": 1.0456939758692636}}, "additional_scores": {}}, {"experiment_name": "Example_CV", "train_set_name": "train", "train_set_size": 335, "test_set_name": "cv", "test_set_size": "n/a", "featureset": "[\"example_california_features\"]", "featureset_name": "example_california", "shuffle": false, "learner_name": "RandomForestRegressor", "task": "cross_validate", "start_timestamp": "08 Sep 2022 16:42:41.524913", "version": "3.0.0", "feature_scaling": "both", "folds_file": "", "grid_search": true, "grid_objective": "pearson", "grid_search_folds": "3", "min_feature_count": 1, "cv_folds": "10", "using_folds_file": false, "save_cv_folds": true, "save_cv_models": false, "use_folds_file_for_grid_search": true, "stratified_folds": true, "scikit_learn_version": "1.1.2", "end_timestamp": "08 Sep 2022 16:42:58.434255", "total_time": "0:00:16.909342", "result_table": "", "accuracy": "", "pearson": 0.652813050962414, "score": 0.652813050962414, "fold": 5, "model_params": "{\"bootstrap\": true, \"ccp_alpha\": 0.0, \"criterion\": \"squared_error\", \"max_depth\": 10, \"max_features\": 1.0, \"max_leaf_nodes\": null, \"max_samples\": null, \"min_impurity_decrease\": 0.0, \"min_samples_leaf\": 1, \"min_samples_split\": 2, \"min_weight_fraction_leaf\": 0.0, \"n_estimators\": 500, \"n_jobs\": null, \"oob_score\": false, \"random_state\": 123456789, \"verbose\": 0, \"warm_start\": false}", "grid_score": 0.8186478778682943, "grid_search_cv_results": {"mean_fit_time": [0.194029172261556, 0.27374935150146484, 0.32225743929545086, 0.3272703488667806], "std_fit_time": [0.0002827287390172886, 0.0006364236721745938, 0.001128393203625615, 0.002629990726778855], "mean_score_time": [0.010520140329996744, 0.011907021204630533, 0.013944784800211588, 0.01401813824971517], "std_score_time": [0.00017296927873257544, 0.0001141999829978911, 0.00033731689604537483, 0.00036865533131654816], "param_max_depth": [1, 5, 10, null], "params": [{"max_depth": 1}, {"max_depth": 5}, {"max_depth": 10}, {"max_depth": null}], "split0_test_score": [0.643566442460767, 0.8220139552375992, 0.828731219086591, 0.8270279095782852], "split1_test_score": [0.620766315345515, 0.7880803811096517, 0.7945783446774323, 0.7949134700349568], "split2_test_score": [0.6683686728047052, 0.8165141872984188, 0.8326340698408593, 0.8330017136493174], "mean_test_score": [0.6442338102036623, 0.8088695078818899, 0.8186478778682943, 0.8183143644208531], "std_test_score": [0.01943930972190671, 0.014870613208839163, 0.01709414874593108, 0.016725688372773093], "rank_test_score": [4, 3, 1, 2]}, "descriptive": {"actual": {"min": 0.702, "max": 5.00001, "avg": 1.9466473529411763, "std": 0.8891587701778404}, "predicted": {"min": 0.9611175654935813, "max": 4.13395985419413, "avg": 2.0037181889246067, "std": 0.7050628034839745}}, "additional_scores": {}}, {"experiment_name": "Example_CV", "train_set_name": "train", "train_set_size": 335, "test_set_name": "cv", "test_set_size": "n/a", "featureset": "[\"example_california_features\"]", "featureset_name": "example_california", "shuffle": false, "learner_name": "RandomForestRegressor", "task": "cross_validate", "start_timestamp": "08 Sep 2022 16:42:41.524913", "version": "3.0.0", "feature_scaling": "both", "folds_file": "", "grid_search": true, "grid_objective": "pearson", "grid_search_folds": "3", "min_feature_count": 1, "cv_folds": "10", "using_folds_file": false, "save_cv_folds": true, "save_cv_models": false, "use_folds_file_for_grid_search": true, "stratified_folds": true, "scikit_learn_version": "1.1.2", "end_timestamp": "08 Sep 2022 16:42:58.434255", "total_time": "0:00:16.909342", "result_table": "", "accuracy": "", "pearson": 0.9017297411984564, "score": 0.9017297411984564, "fold": 6, "model_params": "{\"bootstrap\": true, \"ccp_alpha\": 0.0, \"criterion\": \"squared_error\", \"max_depth\": 10, \"max_features\": 1.0, \"max_leaf_nodes\": null, \"max_samples\": null, \"min_impurity_decrease\": 0.0, \"min_samples_leaf\": 1, \"min_samples_split\": 2, \"min_weight_fraction_leaf\": 0.0, \"n_estimators\": 500, \"n_jobs\": null, \"oob_score\": false, \"random_state\": 123456789, \"verbose\": 0, \"warm_start\": false}", "grid_score": 0.8153263684048117, "grid_search_cv_results": {"mean_fit_time": [0.19290900230407715, 0.27362863222757977, 0.3242209752400716, 0.33039212226867676], "std_fit_time": [0.0022808323639787113, 0.0011372795364804726, 0.0021076268230285538, 0.0009418808170813332], "mean_score_time": [0.010408878326416016, 0.012167056401570639, 0.013939380645751953, 0.0140531857808431], "std_score_time": [0.00026661323953287706, 0.00021856125891146544, 0.00020777665073704957, 0.00014716399536232017], "param_max_depth": [1, 5, 10, null], "params": [{"max_depth": 1}, {"max_depth": 5}, {"max_depth": 10}, {"max_depth": null}], "split0_test_score": [0.594453232666994, 0.8239998722693563, 0.8347575899909558, 0.8335239142896314], "split1_test_score": [0.6322683222685267, 0.808942271649392, 0.8183526146261041, 0.8192426607238319], "split2_test_score": [0.5708087962367248, 0.774619137264285, 0.7928689005973746, 0.7922647205314955], "mean_test_score": [0.5991767837240818, 0.8025204270610112, 0.8153263684048117, 0.8150104318483197], "std_test_score": [0.02531208256880656, 0.02066469313181717, 0.017234349410830636, 0.017107777730881905], "rank_test_score": [4, 3, 1, 2]}, "descriptive": {"actual": {"min": 0.616, "max": 5.00001, "avg": 2.322061818181818, "std": 1.4079089815868984}, "predicted": {"min": 0.8862698725630778, "max": 4.291777328205115, "avg": 2.3539965194811066, "std": 1.0323351634942795}}, "additional_scores": {}}, {"experiment_name": "Example_CV", "train_set_name": "train", "train_set_size": 335, "test_set_name": "cv", "test_set_size": "n/a", "featureset": "[\"example_california_features\"]", "featureset_name": "example_california", "shuffle": false, "learner_name": "RandomForestRegressor", "task": "cross_validate", "start_timestamp": "08 Sep 2022 16:42:41.524913", "version": "3.0.0", "feature_scaling": "both", "folds_file": "", "grid_search": true, "grid_objective": "pearson", "grid_search_folds": "3", "min_feature_count": 1, "cv_folds": "10", "using_folds_file": false, "save_cv_folds": true, "save_cv_models": false, "use_folds_file_for_grid_search": true, "stratified_folds": true, "scikit_learn_version": "1.1.2", "end_timestamp": "08 Sep 2022 16:42:58.434255", "total_time": "0:00:16.909342", "result_table": "", "accuracy": "", "pearson": 0.786432894731879, "score": 0.786432894731879, "fold": 7, "model_params": "{\"bootstrap\": true, \"ccp_alpha\": 0.0, \"criterion\": \"squared_error\", \"max_depth\": 10, \"max_features\": 1.0, \"max_leaf_nodes\": null, \"max_samples\": null, \"min_impurity_decrease\": 0.0, \"min_samples_leaf\": 1, \"min_samples_split\": 2, \"min_weight_fraction_leaf\": 0.0, \"n_estimators\": 500, \"n_jobs\": null, \"oob_score\": false, \"random_state\": 123456789, \"verbose\": 0, \"warm_start\": false}", "grid_score": 0.8294168059749251, "grid_search_cv_results": {"mean_fit_time": [0.20209805170694986, 0.2737416426340739, 0.32477498054504395, 0.3309048016866048], "std_fit_time": [0.0042355841289083915, 0.002035113444902102, 0.002199958162135699, 0.0010913405061128492], "mean_score_time": [0.010684013366699219, 0.012084722518920898, 0.013933022816975912, 0.014034191767374674], "std_score_time": [0.0001595810669187608, 0.0003103481007918431, 0.0002058370693174285, 0.00027341405875168595], "param_max_depth": [1, 5, 10, null], "params": [{"max_depth": 1}, {"max_depth": 5}, {"max_depth": 10}, {"max_depth": null}], "split0_test_score": [0.6573115353005919, 0.7942782947586281, 0.8039799978152193, 0.8024627903698414], "split1_test_score": [0.722413327956377, 0.8255317379458529, 0.8406115793580742, 0.8413264250333444], "split2_test_score": [0.6679844221331895, 0.8345098610188505, 0.8436588407514816, 0.8416223834439946], "mean_test_score": [0.6825697617967195, 0.8181066312411106, 0.8294168059749251, 0.8284705329490603], "std_test_score": [0.028508594628925663, 0.017243238058637634, 0.018029510208085527, 0.018390648047225726], "rank_test_score": [4, 3, 1, 2]}, "descriptive": {"actual": {"min": 0.596, "max": 5.00001, "avg": 2.234819090909091, "std": 1.3411265822826846}, "predicted": {"min": 0.8816144602358483, "max": 4.355502179000004, "avg": 2.122256906865242, "std": 0.9659955099783774}}, "additional_scores": {}}, {"experiment_name": "Example_CV", "train_set_name": "train", "train_set_size": 335, "test_set_name": "cv", "test_set_size": "n/a", "featureset": "[\"example_california_features\"]", "featureset_name": "example_california", "shuffle": false, "learner_name": "RandomForestRegressor", "task": "cross_validate", "start_timestamp": "08 Sep 2022 16:42:41.524913", "version": "3.0.0", "feature_scaling": "both", "folds_file": "", "grid_search": true, "grid_objective": "pearson", "grid_search_folds": "3", "min_feature_count": 1, "cv_folds": "10", "using_folds_file": false, "save_cv_folds": true, "save_cv_models": false, "use_folds_file_for_grid_search": true, "stratified_folds": true, "scikit_learn_version": "1.1.2", "end_timestamp": "08 Sep 2022 16:42:58.434255", "total_time": "0:00:16.909342", "result_table": "", "accuracy": "", "pearson": 0.6774488605057218, "score": 0.6774488605057218, "fold": 8, "model_params": "{\"bootstrap\": true, \"ccp_alpha\": 0.0, \"criterion\": \"squared_error\", \"max_depth\": 10, \"max_features\": 1.0, \"max_leaf_nodes\": null, \"max_samples\": null, \"min_impurity_decrease\": 0.0, \"min_samples_leaf\": 1, \"min_samples_split\": 2, \"min_weight_fraction_leaf\": 0.0, \"n_estimators\": 500, \"n_jobs\": null, \"oob_score\": false, \"random_state\": 123456789, \"verbose\": 0, \"warm_start\": false}", "grid_score": 0.8509065768243778, "grid_search_cv_results": {"mean_fit_time": [0.19478408495585123, 0.2753036816914876, 0.3202674388885498, 0.330552339553833], "std_fit_time": [0.0010768158929351092, 0.0010384664964526566, 0.0017703770694835817, 0.001689690361764331], "mean_score_time": [0.010670661926269531, 0.012032429377237955, 0.014010270436604818, 0.014224608739217123], "std_score_time": [0.00040233034557640447, 0.00012102560650642667, 0.00016619506096910967, 0.00012157576147297455], "param_max_depth": [1, 5, 10, null], "params": [{"max_depth": 1}, {"max_depth": 5}, {"max_depth": 10}, {"max_depth": null}], "split0_test_score": [0.6921616742701378, 0.8160601474686785, 0.8206901581611016, 0.8188697949013362], "split1_test_score": [0.6978520123360842, 0.8719171332483153, 0.8825219035215502, 0.8814363328880462], "split2_test_score": [0.6181610158500909, 0.8400509834097873, 0.8495076687904813, 0.8519295511245922], "mean_test_score": [0.6693915674854375, 0.8426760880422602, 0.8509065768243778, 0.8507452263046583], "std_test_score": [0.03629988110607375, 0.022878943679654606, 0.025262078185102087, 0.025556406735819267], "rank_test_score": [4, 3, 1, 2]}, "descriptive": {"actual": {"min": 0.571, "max": 5.00001, "avg": 1.9573942424242423, "std": 1.0419866039243302}, "predicted": {"min": 0.8712073779775775, "max": 4.606419292121216, "avg": 1.8850172608447402, "std": 0.8123675917084043}}, "additional_scores": {}}, {"experiment_name": "Example_CV", "train_set_name": "train", "train_set_size": 335, "test_set_name": "cv", "test_set_size": "n/a", "featureset": "[\"example_california_features\"]", "featureset_name": "example_california", "shuffle": false, "learner_name": "RandomForestRegressor", "task": "cross_validate", "start_timestamp": "08 Sep 2022 16:42:41.524913", "version": "3.0.0", "feature_scaling": "both", "folds_file": "", "grid_search": true, "grid_objective": "pearson", "grid_search_folds": "3", "min_feature_count": 1, "cv_folds": "10", "using_folds_file": false, "save_cv_folds": true, "save_cv_models": false, "use_folds_file_for_grid_search": true, "stratified_folds": true, "scikit_learn_version": "1.1.2", "end_timestamp": "08 Sep 2022 16:42:58.434255", "total_time": "0:00:16.909342", "result_table": "", "accuracy": "", "pearson": 0.9042365634616863, "score": 0.9042365634616863, "fold": 9, "model_params": "{\"bootstrap\": true, \"ccp_alpha\": 0.0, \"criterion\": \"squared_error\", \"max_depth\": null, \"max_features\": 1.0, \"max_leaf_nodes\": null, \"max_samples\": null, \"min_impurity_decrease\": 0.0, \"min_samples_leaf\": 1, \"min_samples_split\": 2, \"min_weight_fraction_leaf\": 0.0, \"n_estimators\": 500, \"n_jobs\": null, \"oob_score\": false, \"random_state\": 123456789, \"verbose\": 0, \"warm_start\": false}", "grid_score": 0.8293100201419352, "grid_search_cv_results": {"mean_fit_time": [0.19367535909016928, 0.2735239664713542, 0.3232142925262451, 0.3287382920583089], "std_fit_time": [0.00017993178461109111, 0.001166765610502902, 0.0009622294433249496, 0.0014864596497613104], "mean_score_time": [0.010408639907836914, 0.011982997258504232, 0.013896783192952475, 0.014019330342610678], "std_score_time": [9.208905401088014e-05, 0.0001314644935942263, 7.799782424941447e-05, 0.00023040408765984794], "param_max_depth": [1, 5, 10, null], "params": [{"max_depth": 1}, {"max_depth": 5}, {"max_depth": 10}, {"max_depth": null}], "split0_test_score": [0.6641072447833959, 0.7965647361247583, 0.8003676620573306, 0.7997002374221541], "split1_test_score": [0.724904277993396, 0.8628611254909988, 0.8752498606406902, 0.8752459411288785], "split2_test_score": [0.5576613604531324, 0.8017611430180795, 0.8120382040096319, 0.812983881874773], "mean_test_score": [0.6488909610766415, 0.8203956682112789, 0.8292185755692175, 0.8293100201419352], "std_test_score": [0.06911921987517017, 0.03010245790221597, 0.03289589428650626, 0.03293119524275752], "rank_test_score": [4, 3, 2, 1]}, "descriptive": {"actual": {"min": 0.437, "max": 4.92, "avg": 1.7039393939393939, "std": 1.0664446437321946}, "predicted": {"min": 0.8020960000000017, "max": 4.339469739999998, "avg": 1.948568467272726, "std": 0.8881067204900619}}, "additional_scores": {}}, {"experiment_name": "Example_CV", "train_set_name": "train", "train_set_size": 335, "test_set_name": "cv", "test_set_size": "n/a", "featureset": "[\"example_california_features\"]", "featureset_name": "example_california", "shuffle": false, "learner_name": "RandomForestRegressor", "task": "cross_validate", "start_timestamp": "08 Sep 2022 16:42:41.524913", "version": "3.0.0", "feature_scaling": "both", "folds_file": "", "grid_search": true, "grid_objective": "pearson", "grid_search_folds": "3", "min_feature_count": 1, "cv_folds": "10", "using_folds_file": false, "save_cv_folds": true, "save_cv_models": false, "use_folds_file_for_grid_search": true, "stratified_folds": true, "scikit_learn_version": "1.1.2", "end_timestamp": "08 Sep 2022 16:42:58.434255", "total_time": "0:00:16.909342", "result_table": "", "accuracy": "", "pearson": 0.900611360582037, "score": 0.900611360582037, "fold": 10, "model_params": "{\"bootstrap\": true, \"ccp_alpha\": 0.0, \"criterion\": \"squared_error\", \"max_depth\": null, \"max_features\": 1.0, \"max_leaf_nodes\": null, \"max_samples\": null, \"min_impurity_decrease\": 0.0, \"min_samples_leaf\": 1, \"min_samples_split\": 2, \"min_weight_fraction_leaf\": 0.0, \"n_estimators\": 500, \"n_jobs\": null, \"oob_score\": false, \"random_state\": 123456789, \"verbose\": 0, \"warm_start\": false}", "grid_score": 0.8333035305051038, "grid_search_cv_results": {"mean_fit_time": [0.19733357429504395, 0.2822244167327881, 0.32764379183451336, 0.3301599820454915], "std_fit_time": [0.00046063839258239403, 0.006476390541996427, 0.0011861322207000733, 0.0011511304351286343], "mean_score_time": [0.01027830441792806, 0.012558937072753906, 0.014156659444173178, 0.014154275258382162], "std_score_time": [0.0002883021454951343, 0.00023202460368923022, 0.00022432931803889231, 0.00013134899577200694], "param_max_depth": [1, 5, 10, null], "params": [{"max_depth": 1}, {"max_depth": 5}, {"max_depth": 10}, {"max_depth": null}], "split0_test_score": [0.6678237383923968, 0.7998923592720545, 0.8054843807275993, 0.806071650925366], "split1_test_score": [0.7349794794498692, 0.8636779737232859, 0.8701576793296606, 0.8708411446084016], "split2_test_score": [0.5521212918141692, 0.8107305724235292, 0.8219021176349588, 0.8229977959815437], "mean_test_score": [0.6516415032188118, 0.8247669684729565, 0.8325147258974063, 0.8333035305051038], "std_test_score": [0.07552340806117938, 0.02786774076804661, 0.027448490894971152, 0.027427819831231798], "rank_test_score": [4, 3, 2, 1]}, "descriptive": {"actual": {"min": 0.581, "max": 3.781, "avg": 2.111121212121212, "std": 0.9070918485309292}, "predicted": {"min": 0.679698, "max": 4.193853340000001, "avg": 2.215824464242423, "std": 0.9630606739611631}}, "additional_scores": {}}, {"experiment_name": "Example_CV", "train_set_name": "train", "train_set_size": 335, "test_set_name": "cv", "test_set_size": "n/a", "featureset": "[\"example_california_features\"]", "featureset_name": "example_california", "shuffle": false, "learner_name": "RandomForestRegressor", "task": "cross_validate", "start_timestamp": "08 Sep 2022 16:42:41.524913", "version": "3.0.0", "feature_scaling": "both", "folds_file": "", "grid_search": true, "grid_objective": "pearson", "grid_search_folds": "3", "min_feature_count": 1, "cv_folds": "10", "using_folds_file": false, "save_cv_folds": true, "save_cv_models": false, "use_folds_file_for_grid_search": true, "stratified_folds": true, "scikit_learn_version": "1.1.2", "end_timestamp": "08 Sep 2022 16:42:58.434255", "total_time": "0:00:16.909342", "fold": "average", "pearson": 0.8381840671517479, "score": 0.8381840671517479, "additional_scores": {}}]