[{"experiment_name": "Example_Evaluate", "train_set_name": "train", "train_set_size": 335, "test_set_name": "test", "test_set_size": 165, "featureset": "[\"example_california_features\"]", "featureset_name": "example_california", "shuffle": false, "learner_name": "SVR", "task": "evaluate", "start_timestamp": "08 Sep 2022 16:44:56.097907", "version": "3.0.0", "feature_scaling": "both", "folds_file": "", "grid_search": true, "grid_objective": "unweighted_kappa", "grid_search_folds": "3", "min_feature_count": 1, "cv_folds": "None", "using_folds_file": false, "save_cv_folds": true, "save_cv_models": false, "use_folds_file_for_grid_search": true, "stratified_folds": true, "scikit_learn_version": "1.1.2", "end_timestamp": "08 Sep 2022 16:44:56.300885", "total_time": "0:00:00.202978", "result_table": "", "accuracy": "", "pearson": 0.8796484570831399, "score": 0.5647815994935639, "fold": "", "model_params": "{\"C\": 10.0, \"cache_size\": 1000, \"coef0\": 0.0, \"degree\": 3, \"epsilon\": 0.1, \"gamma\": \"auto\", \"kernel\": \"rbf\", \"max_iter\": -1, \"shrinking\": true, \"tol\": 0.001, \"verbose\": false}", "grid_score": 0.4645351986993438, "grid_search_cv_results": {"mean_fit_time": [0.0012669563293457031, 0.0011866092681884766, 0.0012315114339192708, 0.0012070337931315105, 0.0011476675669352214, 0.0011528333028157551, 0.001407623291015625, 0.0011363029479980469, 0.0011543432871500652, 0.0012122790018717449, 0.0011641184488932292, 0.001131296157836914, 0.001161336898803711, 0.0014917850494384766, 0.0015256404876708984, 0.0016337235768636067, 0.0012443065643310547, 0.0014716784159342449, 0.0015331109364827473, 0.001435995101928711, 0.0016866525014241536, 0.003442049026489258, 0.003509521484375, 0.0017962455749511719, 0.003039757410685221, 0.001909335454305013, 0.0015460650126139324, 0.001966714859008789, 0.012526591618855795, 0.012953360875447592, 0.00406956672668457, 0.01375730832417806, 0.0019080638885498047, 0.001581112543741862, 0.0019173622131347656], "std_fit_time": [4.234777531150066e-05, 3.456164932321691e-05, 2.2237636572876037e-05, 2.8916765436565407e-05, 2.4025790363608776e-05, 2.5178727819712476e-05, 5.090594930495933e-05, 4.2027093718880925e-05, 7.148564955181512e-05, 0.0001163590687634144, 2.5955402840190725e-05, 2.34629402219892e-05, 5.514672070636478e-05, 4.29431507307316e-05, 4.756953556241241e-05, 9.565832226018516e-05, 2.63111582888229e-05, 1.927343836267809e-05, 1.889817146622995e-05, 7.836612333708984e-05, 4.455146727146008e-05, 0.0005194762061323231, 0.00015646545088872021, 4.660864716763632e-05, 0.00020950399465053594, 0.0001823285808331339, 4.0493430236641174e-05, 5.42034034654626e-05, 0.0004705950475481276, 0.0005914246448409952, 0.0005311247855845536, 0.0003092188989981628, 7.199793711188799e-05, 7.001834067266005e-05, 8.568420095457645e-05], "mean_score_time": [0.0016322930653889973, 0.0016024112701416016, 0.0016311009724934895, 0.0016390482584635417, 0.0016183058420817058, 0.0015755494435628254, 0.0016093254089355469, 0.0015194416046142578, 0.0015699068705240886, 0.0015886624654134114, 0.0015592575073242188, 0.001544634501139323, 0.0015642642974853516, 0.0016453266143798828, 0.0015400250752766926, 0.0015473365783691406, 0.0015880266825358074, 0.0015748341878255208, 0.0015730857849121094, 0.0015802383422851562, 0.001554568608601888, 0.0015803178151448567, 0.0015221436818440754, 0.0014870961507161458, 0.0014926592508951824, 0.0014998912811279297, 0.0015709400177001953, 0.0017205874125162761, 0.001607338587443034, 0.001596371332804362, 0.0014376640319824219, 0.0015753110249837239, 0.0015740394592285156, 0.0015923182169596355, 0.0016686121622721355], "std_score_time": [8.064854741639682e-05, 5.227514245140308e-05, 2.1277067929541725e-05, 5.246376620427026e-05, 5.1364434964903754e-05, 3.481800221306535e-05, 0.00011193847503500909, 7.576635849457102e-05, 0.00010832748410593322, 8.648874718165711e-05, 1.163619455519908e-05, 2.381031280718469e-05, 5.423415677546968e-05, 3.175355985953406e-05, 8.063209973388163e-05, 1.9574538020970504e-05, 3.271367804079822e-05, 5.197464264991872e-05, 5.939765593546166e-06, 9.774192513897573e-06, 5.02395462931447e-05, 5.412410992391756e-05, 2.3394466624881994e-05, 3.641713181328374e-05, 5.9087202698123326e-05, 4.750975028073225e-05, 1.5496596299853298e-05, 2.863031141716257e-05, 5.265843137737983e-05, 7.696461280691237e-05, 5.764932976825121e-06, 2.6550834581421826e-05, 3.837329563359062e-05, 4.883385747134922e-05, 6.206285914380965e-05], "param_C": [0.01, 0.01, 0.01, 0.01, 0.01, 0.01, 0.01, 0.1, 0.1, 0.1, 0.1, 0.1, 0.1, 0.1, 1.0, 1.0, 1.0, 1.0, 1.0, 1.0, 1.0, 10.0, 10.0, 10.0, 10.0, 10.0, 10.0, 10.0, 100.0, 100.0, 100.0, 100.0, 100.0, 100.0, 100.0], "param_gamma": ["auto", "scale", 0.01, 0.1, 1.0, 10.0, 100.0, "auto", "scale", 0.01, 0.1, 1.0, 10.0, 100.0, "auto", "scale", 0.01, 0.1, 1.0, 10.0, 100.0, "auto", "scale", 0.01, 0.1, 1.0, 10.0, 100.0, "auto", "scale", 0.01, 0.1, 1.0, 10.0, 100.0], "params": [{"C": 0.01, "gamma": "auto"}, {"C": 0.01, "gamma": "scale"}, {"C": 0.01, "gamma": 0.01}, {"C": 0.01, "gamma": 0.1}, {"C": 0.01, "gamma": 1.0}, {"C": 0.01, "gamma": 10.0}, {"C": 0.01, "gamma": 100.0}, {"C": 0.1, "gamma": "auto"}, {"C": 0.1, "gamma": "scale"}, {"C": 0.1, "gamma": 0.01}, {"C": 0.1, "gamma": 0.1}, {"C": 0.1, "gamma": 1.0}, {"C": 0.1, "gamma": 10.0}, {"C": 0.1, "gamma": 100.0}, {"C": 1.0, "gamma": "auto"}, {"C": 1.0, "gamma": "scale"}, {"C": 1.0, "gamma": 0.01}, {"C": 1.0, "gamma": 0.1}, {"C": 1.0, "gamma": 1.0}, {"C": 1.0, "gamma": 10.0}, {"C": 1.0, "gamma": 100.0}, {"C": 10.0, "gamma": "auto"}, {"C": 10.0, "gamma": "scale"}, {"C": 10.0, "gamma": 0.01}, {"C": 10.0, "gamma": 0.1}, {"C": 10.0, "gamma": 1.0}, {"C": 10.0, "gamma": 10.0}, {"C": 10.0, "gamma": 100.0}, {"C": 100.0, "gamma": "auto"}, {"C": 100.0, "gamma": "scale"}, {"C": 100.0, "gamma": 0.01}, {"C": 100.0, "gamma": 0.1}, {"C": 100.0, "gamma": 1.0}, {"C": 100.0, "gamma": 10.0}, {"C": 100.0, "gamma": 100.0}], "split0_test_score": [0.0, 0.0, 0.0, 0.0, 0.0, 0.0, 0.0, 0.2733624454148471, 0.2733624454148471, 0.048070224327713684, 0.2920178482895389, 0.02210956203351666, 0.0, 0.0, 0.40452488687782806, 0.40452488687782806, 0.3925686591276252, 0.40607017939749523, 0.2582781456953642, 0.01796068448592847, 0.01796068448592847, 0.48898286223013576, 0.49938540619063576, 0.4509803921568628, 0.4496929089893913, 0.1938579654510557, 0.038964692643128185, 0.01796068448592847, 0.37587412587412594, 0.41463414634146345, 0.4466651695486189, 0.4007425202009173, 0.1938579654510557, 0.038964692643128185, 0.01796068448592847], "split1_test_score": [0.0, 0.0, 0.0, 0.0, 0.0, 0.0, 0.0, 0.30839567747298424, 0.3060057197330791, 0.0405959031657358, 0.3060057197330791, -0.014266220071951441, 0.0, 0.0, 0.44297501978071674, 0.4700315457413249, 0.4270774127543481, 0.472763954270343, 0.2730705687986783, 0.0, 0.0, 0.41514360313315934, 0.391701064523137, 0.4485776805251641, 0.41348461706305917, 0.291302346985734, 0.0, 0.0, 0.34766493699036316, 0.33825701624815374, 0.47076923076923083, 0.3162824965793075, 0.291302346985734, 0.0, 0.0], "split2_test_score": [0.0, 0.0, 0.0, 0.0, 0.0, 0.0, 0.0, 0.22625236294896023, 0.2170232776863391, 0.008008356545960993, 0.22743895245959644, 0.0, 0.0, 0.0, 0.4169487568577098, 0.39280726256983245, 0.3589108910891089, 0.4558823529411765, 0.25982686008423006, 0.011221656640444166, 0.011221656640444166, 0.48947913073473615, 0.4956264909689879, 0.3776175763817371, 0.4933820173436788, 0.18560128396193964, 0.011221656640444166, 0.011221656640444166, 0.4058213449314152, 0.4323863636363636, 0.3977836777098004, 0.38963079340141404, 0.19703754736479506, 0.011221656640444166, 0.011221656640444166], "mean_test_score": [0.0, 0.0, 0.0, 0.0, 0.0, 0.0, 0.0, 0.2693368286122639, 0.26546381427808846, 0.03222482801313683, 0.2751541734940715, 0.00261444732052174, 0.0, 0.0, 0.42148288783875154, 0.42245456506299517, 0.3928523209903607, 0.44490549553633824, 0.26372519152609086, 0.009727447042124212, 0.009727447042124212, 0.4645351986993438, 0.4622376538942536, 0.425725216354588, 0.45218651446537644, 0.22358719879957645, 0.016728783094524118, 0.009727447042124212, 0.37645346926530143, 0.3950925087419936, 0.4384060260092167, 0.3688852700605463, 0.22739928660052824, 0.016728783094524118, 0.009727447042124212], "std_test_score": [0.0, 0.0, 0.0, 0.0, 0.0, 0.0, 0.0, 0.033655462392001234, 0.03675377557500082, 0.017393379716595308, 0.034219603306261545, 0.01496497871788131, 0.0, 0.0, 0.016021276226264092, 0.033980411001099387, 0.027829588774344216, 0.02831234654777711, 0.006638357544845734, 0.007408150625878298, 0.007408150625878298, 0.0349257197972813, 0.04990050227531461, 0.034031377909358465, 0.03266560060270118, 0.048000341441203194, 0.01637697875126916, 0.007408150625878298, 0.02374578805072862, 0.040836994747282224, 0.030363166587726767, 0.03747137975891811, 0.04520492805165518, 0.01637697875126916, 0.007408150625878298], "rank_test_score": [27, 27, 27, 27, 27, 27, 27, 14, 15, 19, 13, 26, 27, 27, 8, 7, 10, 4, 16, 22, 22, 1, 2, 6, 3, 18, 20, 22, 11, 9, 5, 12, 17, 20, 22]}, "descriptive": {"actual": {"min": 0.425, "max": 5.00001, "avg": 2.0123758181818183, "std": 1.0334681372156997}, "predicted": {"min": 0.40302748316392867, "max": 4.822188178641092, "avg": 1.9838275069311593, "std": 0.9178657025599557}}, "additional_scores": {}}]