[{"experiment_name": "Example_Evaluate", "train_set_name": "train", "train_set_size": 335, "test_set_name": "test", "test_set_size": 165, "featureset": "[\"example_california_features\"]", "featureset_name": "example_california", "shuffle": false, "learner_name": "RandomForestRegressor", "task": "evaluate", "start_timestamp": "08 Sep 2022 16:44:53.921672", "version": "3.0.0", "feature_scaling": "both", "folds_file": "", "grid_search": true, "grid_objective": "unweighted_kappa", "grid_search_folds": "3", "min_feature_count": 1, "cv_folds": "None", "using_folds_file": false, "save_cv_folds": true, "save_cv_models": false, "use_folds_file_for_grid_search": true, "stratified_folds": true, "scikit_learn_version": "1.1.2", "end_timestamp": "08 Sep 2022 16:44:56.096966", "total_time": "0:00:02.175294", "result_table": "", "accuracy": "", "pearson": 0.8203931902947159, "score": 0.5008491667551216, "fold": "", "model_params": "{\"bootstrap\": true, \"ccp_alpha\": 0.0, \"criterion\": \"squared_error\", \"max_depth\": 10, \"max_features\": 1.0, \"max_leaf_nodes\": null, \"max_samples\": null, \"min_impurity_decrease\": 0.0, \"min_samples_leaf\": 1, \"min_samples_split\": 2, \"min_weight_fraction_leaf\": 0.0, \"n_estimators\": 500, \"n_jobs\": null, \"oob_score\": false, \"random_state\": 123456789, \"verbose\": 0, \"warm_start\": false}", "grid_score": 0.3740846965652224, "grid_search_cv_results": {"mean_fit_time": [0.200956662495931, 0.2890494664510091, 0.3443029721577962, 0.3531183401743571], "std_fit_time": [0.001454614401316898, 0.0011034852616073588, 0.000984874980324897, 0.003053678441741871], "mean_score_time": [0.012172222137451172, 0.013104915618896484, 0.015044689178466797, 0.015512943267822266], "std_score_time": [0.0002539318673619159, 0.000306730729634402, 0.00013517990029451217, 7.882177360760537e-05], "param_max_depth": [1, 5, 10, null], "params": [{"max_depth": 1}, {"max_depth": 5}, {"max_depth": 10}, {"max_depth": null}], "split0_test_score": [0.08537490720118768, 0.42142119159683167, 0.4063148190827379, 0.4063148190827379], "split1_test_score": [0.10502283105022825, 0.2754851661833596, 0.3203883495145631, 0.32016333737998004], "split2_test_score": [0.013387468451662388, 0.39645997223507645, 0.3955509210983663, 0.3836899942163101], "mean_test_score": [0.06792840223435943, 0.36445544333842256, 0.3740846965652224, 0.37005605022634275], "std_test_score": [0.039391583883792845, 0.06373145890266416, 0.03822249459758072, 0.03646855057385137], "rank_test_score": [4, 3, 1, 2]}, "descriptive": {"actual": {"min": 0.425, "max": 5.00001, "avg": 2.0123758181818183, "std": 1.0334681372156997}, "predicted": {"min": 0.7218883653201792, "max": 4.666410374640698, "avg": 2.047561173913654, "std": 0.8851964684475315}}, "additional_scores": {}}]